SingleColumnPredicateGroup:
t.elevation_ft(Integer) == s.elevation_ft(Integer)
t.elevation_ft(Integer) != s.elevation_ft(Integer)
t.elevation_ft(Integer) > s.elevation_ft(Integer)
t.elevation_ft(Integer) < s.elevation_ft(Integer)
t.elevation_ft(Integer) >= s.elevation_ft(Integer)
t.elevation_ft(Integer) <= s.elevation_ft(Integer)

CrossColumnPredicateGroup:

SingleColumnPredicateGroup:
t.ident(String) == s.ident(String)
t.ident(String) != s.ident(String)
t.type(String) == s.type(String)
t.type(String) != s.type(String)
t.name(String) == s.name(String)
t.name(String) != s.name(String)
t.continent(String) == s.continent(String)
t.continent(String) != s.continent(String)
t.iso_country(String) == s.iso_country(String)
t.iso_country(String) != s.iso_country(String)
t.iso_region(String) == s.iso_region(String)
t.iso_region(String) != s.iso_region(String)
t.municipality(String) == s.municipality(String)
t.municipality(String) != s.municipality(String)
t.gps_code(String) == s.gps_code(String)
t.gps_code(String) != s.gps_code(String)
t.local_code(String) == s.local_code(String)
t.local_code(String) != s.local_code(String)
t.coordinates(String) == s.coordinates(String)
t.coordinates(String) != s.coordinates(String)

CrossColumnPredicateGroup:
t.ident(String) == s.gps_code(String)
t.ident(String) != s.gps_code(String)
t.ident(String) == s.local_code(String)
t.ident(String) != s.local_code(String)
t.gps_code(String) == s.local_code(String)
t.gps_code(String) != s.local_code(String)

